// Jest Snapshot v1, https://goo.gl/fbAQLP

exports[`renders the component 1`] = `
<Link
  to="/user/"
>
  <ListGroupItem
    tag="li"
  >
     
  </ListGroupItem>
</Link>
`;
